logs/improved2.txt
val_bpb:enabled tokenizer_kind=sentencepiece tokenizer_path=./data/tokenizers/fineweb_1024_bpe.model
train_loader:dataset:fineweb10B_sp1024 train_shards:1
val_loader:shards pattern=./data/datasets/fineweb10B_sp1024/fineweb_val_*.bin tokens:62021632
model_params:22368841
world_size:1 grad_accum_steps:8
attention_mode:gqa num_heads:8 num_kv_heads:4
tie_embeddings:True embed_lr:0.03 matrix_lr:0.02 scalar_lr:0.02
train_batch_tokens:786432 train_seq_len:2048 iterations:20000 warmup_steps:20 max_wallclock_seconds:600.000
seed:1337
warmup_step:1/20
warmup_step:2/20
warmup_step:3/20
warmup_step:4/20
warmup_step:5/20
warmup_step:6/20
warmup_step:7/20
warmup_step:8/20
warmup_step:9/20
warmup_step:10/20
warmup_step:11/20
warmup_step:12/20
warmup_step:13/20
warmup_step:14/20
warmup_step:15/20
warmup_step:16/20
warmup_step:17/20
warmup_step:18/20
warmup_step:19/20
warmup_step:20/20
step:0/20000 val_loss:6.9341 val_bpb:4.1068 train_time:0ms step_avg:0.02ms
step:1/20000 train_loss:6.9350 train_time:718ms step_avg:718.13ms
step:2/20000 train_loss:8.1629 train_time:1337ms step_avg:668.27ms
step:3/20000 train_loss:7.9788 train_time:1955ms step_avg:651.55ms
step:4/20000 train_loss:7.4931 train_time:2573ms step_avg:643.19ms
step:5/20000 train_loss:6.9768 train_time:3191ms step_avg:638.17ms
step:6/20000 train_loss:6.5949 train_time:3814ms step_avg:635.64ms
step:7/20000 train_loss:6.2842 train_time:4435ms step_avg:633.63ms
step:8/20000 train_loss:6.0594 train_time:5054ms step_avg:631.75ms
step:9/20000 train_loss:5.9131 train_time:5677ms step_avg:630.72ms
step:10/20000 train_loss:5.8041 train_time:6303ms step_avg:630.30ms
swa:start step:50
step:100/20000 train_loss:3.4004 train_time:62917ms step_avg:629.17ms
step:200/20000 train_loss:2.8454 train_time:125722ms step_avg:628.61ms
step:300/20000 train_loss:2.6518 train_time:188372ms step_avg:627.91ms
step:400/20000 train_loss:2.5607 train_time:250936ms step_avg:627.34ms
step:500/20000 train_loss:2.4294 train_time:313415ms step_avg:626.83ms
step:500/20000 val_loss:2.4642 val_bpb:1.4595 train_time:313433ms step_avg:626.87ms
step:600/20000 train_loss:2.3247 train_time:376066ms step_avg:626.78ms
step:700/20000 train_loss:2.4127 train_time:438668ms step_avg:626.67ms
step:800/20000 train_loss:2.2850 train_time:501429ms step_avg:626.79ms
step:900/20000 train_loss:2.2261 train_time:564032ms step_avg:626.70ms
step:958/20000 val_loss:2.3534 val_bpb:1.3938 train_time:600616ms step_avg:626.95ms
stopping_early: wallclock_cap train_time:600616ms step:958/20000
peak memory allocated: 17109 MiB reserved: 17210 MiB
swa:applying averaged 19 checkpoints
Serialized model: 87413467 bytes
Code size: 52243 bytes
Total submission size: 87465710 bytes
Serialized model int6+zlib: 16242637 bytes
Total submission size int8+zlib: 16294880 bytes
final_eval_mode:sliding_window stride:64 batch_seqs:32
  sliding_eval [  0.0%] 32/969088 windows running_bpb=1.531394
  sliding_eval [  0.2%] 1632/969088 windows running_bpb=1.516448
  sliding_eval [  0.3%] 3232/969088 windows running_bpb=1.494966
  sliding_eval [  0.5%] 4832/969088 windows running_bpb=1.495235
  sliding_eval [  0.7%] 6432/969088 windows running_bpb=1.510357
  sliding_eval [  0.8%] 8032/969088 windows running_bpb=1.512278
  sliding_eval [  1.0%] 9632/969088 windows running_bpb=1.515945
  sliding_eval [  1.2%] 11232/969088 windows running_bpb=1.509450
  sliding_eval [  1.3%] 12832/969088 windows running_bpb=1.507076
  sliding_eval [  1.5%] 14432/969088 windows running_bpb=1.509194
  sliding_eval [  1.7%] 16032/969088 windows running_bpb=1.518132
  sliding_eval [  1.8%] 17632/969088 windows running_bpb=1.515616
  sliding_eval [  2.0%] 19232/969088 windows running_bpb=1.516662
  sliding_eval [  2.1%] 20832/969088 windows running_bpb=1.515996
  sliding_eval [  2.3%] 22432/969088 windows running_bpb=1.515294
  sliding_eval [  2.5%] 24032/969088 windows running_bpb=1.517021
  sliding_eval [  2.6%] 25632/969088 windows running_bpb=1.518519
  sliding_eval [  2.8%] 27232/969088 windows running_bpb=1.518876
  sliding_eval [  3.0%] 28832/969088 windows running_bpb=1.523739
  sliding_eval [  3.1%] 30432/969088 windows running_bpb=1.521163
  sliding_eval [  3.3%] 32032/969088 windows running_bpb=1.523542
  sliding_eval [  3.5%] 33632/969088 windows running_bpb=1.522105
  sliding_eval [  3.6%] 35232/969088 windows running_bpb=1.521519
  sliding_eval [  3.8%] 36832/969088 windows running_bpb=1.520895
  sliding_eval [  4.0%] 38432/969088 windows running_bpb=1.521377
  sliding_eval [  4.1%] 40032/969088 windows running_bpb=1.519840
  sliding_eval [  4.3%] 41632/969088 windows running_bpb=1.519302
  sliding_eval [  4.5%] 43232/969088 windows running_bpb=1.519938
  sliding_eval [  4.6%] 44832/969088 windows running_bpb=1.519888
  sliding_eval [  4.8%] 46432/969088 windows running_bpb=1.519453
  sliding_eval [  5.0%] 48032/969088 windows running_bpb=1.518586
  sliding_eval [  5.1%] 49632/969088 windows running_bpb=1.519964
  sliding_eval [  5.3%] 51232/969088 windows running_bpb=1.521277
  sliding_eval [  5.5%] 52832/969088 windows running_bpb=1.521813
  sliding_eval [  5.6%] 54432/969088 windows running_bpb=1.521691
  sliding_eval [  5.8%] 56032/969088 windows running_bpb=1.522537
  sliding_eval [  5.9%] 57632/969088 windows running_bpb=1.522415
  sliding_eval [  6.1%] 59232/969088 windows running_bpb=1.519076
  sliding_eval [  6.3%] 60832/969088 windows running_bpb=1.519028
  sliding_eval [  6.4%] 62432/969088 windows running_bpb=1.519182
  sliding_eval [  6.6%] 64032/969088 windows running_bpb=1.519505
  sliding_eval [  6.8%] 65632/969088 windows running_bpb=1.519232
  sliding_eval [  6.9%] 67232/969088 windows running_bpb=1.517954
  sliding_eval [  7.1%] 68832/969088 windows running_bpb=1.517586
  sliding_eval [  7.3%] 70432/969088 windows running_bpb=1.516755
  sliding_eval [  7.4%] 72032/969088 windows running_bpb=1.516710
  sliding_eval [  7.6%] 73632/969088 windows running_bpb=1.516961
  sliding_eval [  7.8%] 75232/969088 windows running_bpb=1.517330
  sliding_eval [  7.9%] 76832/969088 windows running_bpb=1.517061
  sliding_eval [  8.1%] 78432/969088 windows running_bpb=1.517154
  sliding_eval [  8.3%] 80032/969088 windows running_bpb=1.517662
  sliding_eval [  8.4%] 81632/969088 windows running_bpb=1.517889
  sliding_eval [  8.6%] 83232/969088 windows running_bpb=1.519241
  sliding_eval [  8.8%] 84832/969088 windows running_bpb=1.521093
  sliding_eval [  8.9%] 86432/969088 windows running_bpb=1.520210
  sliding_eval [  9.1%] 88032/969088 windows running_bpb=1.521046
  sliding_eval [  9.2%] 89632/969088 windows running_bpb=1.521312
  sliding_eval [  9.4%] 91232/969088 windows running_bpb=1.521108
  sliding_eval [  9.6%] 92832/969088 windows running_bpb=1.520769
  sliding_eval [  9.7%] 94432/969088 windows running_bpb=1.521124
  sliding_eval [  9.9%] 96032/969088 windows running_bpb=1.520897
  sliding_eval [ 10.1%] 97632/969088 windows running_bpb=1.523607
  sliding_eval [ 10.2%] 99232/969088 windows running_bpb=1.523772
  sliding_eval [ 10.4%] 100832/969088 windows running_bpb=1.523718
  sliding_eval [ 10.6%] 102432/969088 windows running_bpb=1.523472
  sliding_eval [ 10.7%] 104032/969088 windows running_bpb=1.523071
  sliding_eval [ 10.9%] 105632/969088 windows running_bpb=1.522484
  sliding_eval [ 11.1%] 107232/969088 windows running_bpb=1.522570
  sliding_eval [ 11.2%] 108832/969088 windows running_bpb=1.523023
  sliding_eval [ 11.4%] 110432/969088 windows running_bpb=1.523135
  sliding_eval [ 11.6%] 112032/969088 windows running_bpb=1.522970
  sliding_eval [ 11.7%] 113632/969088 windows running_bpb=1.523540
  sliding_eval [ 11.9%] 115232/969088 windows running_bpb=1.523458
  sliding_eval [ 12.1%] 116832/969088 windows running_bpb=1.523165
  sliding_eval [ 12.2%] 118432/969088 windows running_bpb=1.523582
  sliding_eval [ 12.4%] 120032/969088 windows running_bpb=1.523771
  sliding_eval [ 12.6%] 121632/969088 windows running_bpb=1.524017
  sliding_eval [ 12.7%] 123232/969088 windows running_bpb=1.523967
  sliding_eval [ 12.9%] 124832/969088 windows running_bpb=1.523417
  sliding_eval [ 13.0%] 126432/969088 windows running_bpb=1.523642
  sliding_eval [ 13.2%] 128032/969088 windows running_bpb=1.523519
  sliding_eval [ 13.4%] 129632/969088 windows running_bpb=1.523624
  sliding_eval [ 13.5%] 131232/969088 windows running_bpb=1.523923
  sliding_eval [ 13.7%] 132832/969088 windows running_bpb=1.523359
  sliding_eval [ 13.9%] 134432/969088 windows running_bpb=1.522853
  sliding_eval [ 14.0%] 136032/969088 windows running_bpb=1.521760
  sliding_eval [ 14.2%] 137632/969088 windows running_bpb=1.522265
  sliding_eval [ 14.4%] 139232/969088 windows running_bpb=1.522193
  sliding_eval [ 14.5%] 140832/969088 windows running_bpb=1.522920
  sliding_eval [ 14.7%] 142432/969088 windows running_bpb=1.523098
  sliding_eval [ 14.9%] 144032/969088 windows running_bpb=1.523106
  sliding_eval [ 15.0%] 145632/969088 windows running_bpb=1.522874
  sliding_eval [ 15.2%] 147232/969088 windows running_bpb=1.522565
  sliding_eval [ 15.4%] 148832/969088 windows running_bpb=1.522242
  sliding_eval [ 15.5%] 150432/969088 windows running_bpb=1.521898
  sliding_eval [ 15.7%] 152032/969088 windows running_bpb=1.521471
  sliding_eval [ 15.9%] 153632/969088 windows running_bpb=1.522161
  sliding_eval [ 16.0%] 155232/969088 windows running_bpb=1.521981
  sliding_eval [ 16.2%] 156832/969088 windows running_bpb=1.522342
  sliding_eval [ 16.3%] 158432/969088 windows running_bpb=1.522094
  sliding_eval [ 16.5%] 160032/969088 windows running_bpb=1.522354
  sliding_eval [ 16.7%] 161632/969088 windows running_bpb=1.522362
  sliding_eval [ 16.8%] 163232/969088 windows running_bpb=1.522167
  sliding_eval [ 17.0%] 164832/969088 windows running_bpb=1.521987
  sliding_eval [ 17.2%] 166432/969088 windows running_bpb=1.522061
  sliding_eval [ 17.3%] 168032/969088 windows running_bpb=1.521489
  sliding_eval [ 17.5%] 169632/969088 windows running_bpb=1.521389
  sliding_eval [ 17.7%] 171232/969088 windows running_bpb=1.521058
  sliding_eval [ 17.8%] 172832/969088 windows running_bpb=1.520737
  sliding_eval [ 18.0%] 174432/969088 windows running_bpb=1.520652
  sliding_eval [ 18.2%] 176032/969088 windows running_bpb=1.520316
  sliding_eval [ 18.3%] 177632/969088 windows running_bpb=1.520447
  sliding_eval [ 18.5%] 179232/969088 windows running_bpb=1.520763
  sliding_eval [ 18.7%] 180832/969088 windows running_bpb=1.520980
  sliding_eval [ 18.8%] 182432/969088 windows running_bpb=1.521197
  sliding_eval [ 19.0%] 184032/969088 windows running_bpb=1.522740
  sliding_eval [ 19.2%] 185632/969088 windows running_bpb=1.522286
  sliding_eval [ 19.3%] 187232/969088 windows running_bpb=1.522245
  sliding_eval [ 19.5%] 188832/969088 windows running_bpb=1.522344
  sliding_eval [ 19.7%] 190432/969088 windows running_bpb=1.521960
  sliding_eval [ 19.8%] 192032/969088 windows running_bpb=1.522085
  sliding_eval [ 20.0%] 193632/969088 windows running_bpb=1.522169
  sliding_eval [ 20.1%] 195232/969088 windows running_bpb=1.521570
  sliding_eval [ 20.3%] 196832/969088 windows running_bpb=1.521207
  sliding_eval [ 20.5%] 198432/969088 windows running_bpb=1.521267
  sliding_eval [ 20.6%] 200032/969088 windows running_bpb=1.521412
  sliding_eval [ 20.8%] 201632/969088 windows running_bpb=1.521265
  sliding_eval [ 21.0%] 203232/969088 windows running_bpb=1.521156
  sliding_eval [ 21.1%] 204832/969088 windows running_bpb=1.521038
  sliding_eval [ 21.3%] 206432/969088 windows running_bpb=1.520702
  sliding_eval [ 21.5%] 208032/969088 windows running_bpb=1.520299
  sliding_eval [ 21.6%] 209632/969088 windows running_bpb=1.520007
  sliding_eval [ 21.8%] 211232/969088 windows running_bpb=1.519533
  sliding_eval [ 22.0%] 212832/969088 windows running_bpb=1.520064
  sliding_eval [ 22.1%] 214432/969088 windows running_bpb=1.519769
  sliding_eval [ 22.3%] 216032/969088 windows running_bpb=1.519973
  sliding_eval [ 22.5%] 217632/969088 windows running_bpb=1.520179
  sliding_eval [ 22.6%] 219232/969088 windows running_bpb=1.520233
  sliding_eval [ 22.8%] 220832/969088 windows running_bpb=1.519862
  sliding_eval [ 23.0%] 222432/969088 windows running_bpb=1.519472
  sliding_eval [ 23.1%] 224032/969088 windows running_bpb=1.519448
  sliding_eval [ 23.3%] 225632/969088 windows running_bpb=1.518871
  sliding_eval [ 23.4%] 227232/969088 windows running_bpb=1.518406
  sliding_eval [ 23.6%] 228832/969088 windows running_bpb=1.518816
  sliding_eval [ 23.8%] 230432/969088 windows running_bpb=1.518470
  sliding_eval [ 23.9%] 232032/969088 windows running_bpb=1.518275
  sliding_eval [ 24.1%] 233632/969088 windows running_bpb=1.517857
  sliding_eval [ 24.3%] 235232/969088 windows running_bpb=1.517764
  sliding_eval [ 24.4%] 236832/969088 windows running_bpb=1.517833
  sliding_eval [ 24.6%] 238432/969088 windows running_bpb=1.517799
  sliding_eval [ 24.8%] 240032/969088 windows running_bpb=1.517409
  sliding_eval [ 24.9%] 241632/969088 windows running_bpb=1.517087
  sliding_eval [ 25.1%] 243232/969088 windows running_bpb=1.517025
  sliding_eval [ 25.3%] 244832/969088 windows running_bpb=1.516840
  sliding_eval [ 25.4%] 246432/969088 windows running_bpb=1.516845
  sliding_eval [ 25.6%] 248032/969088 windows running_bpb=1.516365
  sliding_eval [ 25.8%] 249632/969088 windows running_bpb=1.516988
  sliding_eval [ 25.9%] 251232/969088 windows running_bpb=1.516818
  sliding_eval [ 26.1%] 252832/969088 windows running_bpb=1.516882
  sliding_eval [ 26.3%] 254432/969088 windows running_bpb=1.516598
  sliding_eval [ 26.4%] 256032/969088 windows running_bpb=1.516253
  sliding_eval [ 26.6%] 257632/969088 windows running_bpb=1.516070
  sliding_eval [ 26.8%] 259232/969088 windows running_bpb=1.515740
  sliding_eval [ 26.9%] 260832/969088 windows running_bpb=1.515547
  sliding_eval [ 27.1%] 262432/969088 windows running_bpb=1.515401
  sliding_eval [ 27.2%] 264032/969088 windows running_bpb=1.515376
  sliding_eval [ 27.4%] 265632/969088 windows running_bpb=1.515388
  sliding_eval [ 27.6%] 267232/969088 windows running_bpb=1.515140
  sliding_eval [ 27.7%] 268832/969088 windows running_bpb=1.515087
  sliding_eval [ 27.9%] 270432/969088 windows running_bpb=1.515437
  sliding_eval [ 28.1%] 272032/969088 windows running_bpb=1.515826
  sliding_eval [ 28.2%] 273632/969088 windows running_bpb=1.515598
  sliding_eval [ 28.4%] 275232/969088 windows running_bpb=1.515093
  sliding_eval [ 28.6%] 276832/969088 windows running_bpb=1.515259
  sliding_eval [ 28.7%] 278432/969088 windows running_bpb=1.515049
  sliding_eval [ 28.9%] 280032/969088 windows running_bpb=1.514950
  sliding_eval [ 29.1%] 281632/969088 windows running_bpb=1.514645
  sliding_eval [ 29.2%] 283232/969088 windows running_bpb=1.514642
  sliding_eval [ 29.4%] 284832/969088 windows running_bpb=1.514431
  sliding_eval [ 29.6%] 286432/969088 windows running_bpb=1.514258
  sliding_eval [ 29.7%] 288032/969088 windows running_bpb=1.514245
  sliding_eval [ 29.9%] 289632/969088 windows running_bpb=1.514044
  sliding_eval [ 30.1%] 291232/969088 windows running_bpb=1.513673
  sliding_eval [ 30.2%] 292832/969088 windows running_bpb=1.513617
  sliding_eval [ 30.4%] 294432/969088 windows running_bpb=1.513436
  sliding_eval [ 30.5%] 296032/969088 windows running_bpb=1.513474
  sliding_eval [ 30.7%] 297632/969088 windows running_bpb=1.513300
  sliding_eval [ 30.9%] 299232/969088 windows running_bpb=1.513300
  sliding_eval [ 31.0%] 300832/969088 windows running_bpb=1.513048
  sliding_eval [ 31.2%] 302432/969088 windows running_bpb=1.512750
  sliding_eval [ 31.4%] 304032/969088 windows running_bpb=1.512821
  sliding_eval [ 31.5%] 305632/969088 windows running_bpb=1.512811
  sliding_eval [ 31.7%] 307232/969088 windows running_bpb=1.512703
  sliding_eval [ 31.9%] 308832/969088 windows running_bpb=1.512530
  sliding_eval [ 32.0%] 310432/969088 windows running_bpb=1.512492
  sliding_eval [ 32.2%] 312032/969088 windows running_bpb=1.512300
  sliding_eval [ 32.4%] 313632/969088 windows running_bpb=1.512179
  sliding_eval [ 32.5%] 315232/969088 windows running_bpb=1.512138
  sliding_eval [ 32.7%] 316832/969088 windows running_bpb=1.512233
  sliding_eval [ 32.9%] 318432/969088 windows running_bpb=1.511965
  sliding_eval [ 33.0%] 320032/969088 windows running_bpb=1.511800
  sliding_eval [ 33.2%] 321632/969088 windows running_bpb=1.511734
  sliding_eval [ 33.4%] 323232/969088 windows running_bpb=1.511432
  sliding_eval [ 33.5%] 324832/969088 windows running_bpb=1.511072
  sliding_eval [ 33.7%] 326432/969088 windows running_bpb=1.510777
  sliding_eval [ 33.8%] 328032/969088 windows running_bpb=1.510853
  sliding_eval [ 34.0%] 329632/969088 windows running_bpb=1.510950
  sliding_eval [ 34.2%] 331232/969088 windows running_bpb=1.510565
  sliding_eval [ 34.3%] 332832/969088 windows running_bpb=1.510301
  sliding_eval [ 34.5%] 334432/969088 windows running_bpb=1.510133
  sliding_eval [ 34.7%] 336032/969088 windows running_bpb=1.510071
  sliding_eval [ 34.8%] 337632/969088 windows running_bpb=1.510045
  sliding_eval [ 35.0%] 339232/969088 windows running_bpb=1.510219
  sliding_eval [ 35.2%] 340832/969088 windows running_bpb=1.509982
  sliding_eval [ 35.3%] 342432/969088 windows running_bpb=1.509807
  sliding_eval [ 35.5%] 344032/969088 windows running_bpb=1.509404
  sliding_eval [ 35.7%] 345632/969088 windows running_bpb=1.509099
  sliding_eval [ 35.8%] 347232/969088 windows running_bpb=1.508957
  sliding_eval [ 36.0%] 348832/969088 windows running_bpb=1.508809
  sliding_eval [ 36.2%] 350432/969088 windows running_bpb=1.508562
  sliding_eval [ 36.3%] 352032/969088 windows running_bpb=1.508683
  sliding_eval [ 36.5%] 353632/969088 windows running_bpb=1.508958
  sliding_eval [ 36.7%] 355232/969088 windows running_bpb=1.508657
  sliding_eval [ 36.8%] 356832/969088 windows running_bpb=1.508499
  sliding_eval [ 37.0%] 358432/969088 windows running_bpb=1.508195
  sliding_eval [ 37.2%] 360032/969088 windows running_bpb=1.507837
  sliding_eval [ 37.3%] 361632/969088 windows running_bpb=1.507715
  sliding_eval [ 37.5%] 363232/969088 windows running_bpb=1.508016
  sliding_eval [ 37.6%] 364832/969088 windows running_bpb=1.508083
  sliding_eval [ 37.8%] 366432/969088 windows running_bpb=1.507933
  sliding_eval [ 38.0%] 368032/969088 windows running_bpb=1.507810
  sliding_eval [ 38.1%] 369632/969088 windows running_bpb=1.507805
  sliding_eval [ 38.3%] 371232/969088 windows running_bpb=1.507774
  sliding_eval [ 38.5%] 372832/969088 windows running_bpb=1.507815
  sliding_eval [ 38.6%] 374432/969088 windows running_bpb=1.508153
  sliding_eval [ 38.8%] 376032/969088 windows running_bpb=1.508047
  sliding_eval [ 39.0%] 377632/969088 windows running_bpb=1.508125
  sliding_eval [ 39.1%] 379232/969088 windows running_bpb=1.507978
  sliding_eval [ 39.3%] 380832/969088 windows running_bpb=1.507694
  sliding_eval [ 39.5%] 382432/969088 windows running_bpb=1.507669
  sliding_eval [ 39.6%] 384032/969088 windows running_bpb=1.507458
  sliding_eval [ 39.8%] 385632/969088 windows running_bpb=1.507563
  sliding_eval [ 40.0%] 387232/969088 windows running_bpb=1.507588
  sliding_eval [ 40.1%] 388832/969088 windows running_bpb=1.507716
  sliding_eval [ 40.3%] 390432/969088 windows running_bpb=1.507630
  sliding_eval [ 40.5%] 392032/969088 windows running_bpb=1.507629
  sliding_eval [ 40.6%] 393632/969088 windows running_bpb=1.507630
  sliding_eval [ 40.8%] 395232/969088 windows running_bpb=1.507437
  sliding_eval [ 40.9%] 396832/969088 windows running_bpb=1.507628
  sliding_eval [ 41.1%] 398432/969088 windows running_bpb=1.507746
  sliding_eval [ 41.3%] 400032/969088 windows running_bpb=1.507754
  sliding_eval [ 41.4%] 401632/969088 windows running_bpb=1.507726
  sliding_eval [ 41.6%] 403232/969088 windows running_bpb=1.507681
  sliding_eval [ 41.8%] 404832/969088 windows running_bpb=1.507727
  sliding_eval [ 41.9%] 406432/969088 windows running_bpb=1.507552
  sliding_eval [ 42.1%] 408032/969088 windows running_bpb=1.507630
  sliding_eval [ 42.3%] 409632/969088 windows running_bpb=1.507607
  sliding_eval [ 42.4%] 411232/969088 windows running_bpb=1.507470
  sliding_eval [ 42.6%] 412832/969088 windows running_bpb=1.507610
  sliding_eval [ 42.8%] 414432/969088 windows running_bpb=1.507709
  sliding_eval [ 42.9%] 416032/969088 windows running_bpb=1.507699
  sliding_eval [ 43.1%] 417632/969088 windows running_bpb=1.507553
  sliding_eval [ 43.3%] 419232/969088 windows running_bpb=1.507510
  sliding_eval [ 43.4%] 420832/969088 windows running_bpb=1.507781
  sliding_eval [ 43.6%] 422432/969088 windows running_bpb=1.507743
  sliding_eval [ 43.8%] 424032/969088 windows running_bpb=1.507597
  sliding_eval [ 43.9%] 425632/969088 windows running_bpb=1.507564
  sliding_eval [ 44.1%] 427232/969088 windows running_bpb=1.507448
  sliding_eval [ 44.3%] 428832/969088 windows running_bpb=1.507487
  sliding_eval [ 44.4%] 430432/969088 windows running_bpb=1.507505
  sliding_eval [ 44.6%] 432032/969088 windows running_bpb=1.507688
  sliding_eval [ 44.7%] 433632/969088 windows running_bpb=1.507711
  sliding_eval [ 44.9%] 435232/969088 windows running_bpb=1.507654
  sliding_eval [ 45.1%] 436832/969088 windows running_bpb=1.507890
  sliding_eval [ 45.2%] 438432/969088 windows running_bpb=1.507936
  sliding_eval [ 45.4%] 440032/969088 windows running_bpb=1.507911
  sliding_eval [ 45.6%] 441632/969088 windows running_bpb=1.508068
  sliding_eval [ 45.7%] 443232/969088 windows running_bpb=1.508069
  sliding_eval [ 45.9%] 444832/969088 windows running_bpb=1.508164
  sliding_eval [ 46.1%] 446432/969088 windows running_bpb=1.508356
  sliding_eval [ 46.2%] 448032/969088 windows running_bpb=1.508443
  sliding_eval [ 46.4%] 449632/969088 windows running_bpb=1.508464
  sliding_eval [ 46.6%] 451232/969088 windows running_bpb=1.508603
  sliding_eval [ 46.7%] 452832/969088 windows running_bpb=1.508725
  sliding_eval [ 46.9%] 454432/969088 windows running_bpb=1.508583
  sliding_eval [ 47.1%] 456032/969088 windows running_bpb=1.508503
  sliding_eval [ 47.2%] 457632/969088 windows running_bpb=1.508733
  sliding_eval [ 47.4%] 459232/969088 windows running_bpb=1.508630
  sliding_eval [ 47.6%] 460832/969088 windows running_bpb=1.508680
  sliding_eval [ 47.7%] 462432/969088 windows running_bpb=1.508522
  sliding_eval [ 47.9%] 464032/969088 windows running_bpb=1.508468
  sliding_eval [ 48.0%] 465632/969088 windows running_bpb=1.508553
  sliding_eval [ 48.2%] 467232/969088 windows running_bpb=1.508536
  sliding_eval [ 48.4%] 468832/969088 windows running_bpb=1.508554
  sliding_eval [ 48.5%] 470432/969088 windows running_bpb=1.508587
  sliding_eval [ 48.7%] 472032/969088 windows running_bpb=1.508727
  sliding_eval [ 48.9%] 473632/969088 windows running_bpb=1.508665
  sliding_eval [ 49.0%] 475232/969088 windows running_bpb=1.508729
  sliding_eval [ 49.2%] 476832/969088 windows running_bpb=1.508766
  sliding_eval [ 49.4%] 478432/969088 windows running_bpb=1.508709
  sliding_eval [ 49.5%] 480032/969088 windows running_bpb=1.509138
  sliding_eval [ 49.7%] 481632/969088 windows running_bpb=1.509021
  sliding_eval [ 49.9%] 483232/969088 windows running_bpb=1.509123
  sliding_eval [ 50.0%] 484832/969088 windows running_bpb=1.509491
  sliding_eval [ 50.2%] 486432/969088 windows running_bpb=1.509497
  sliding_eval [ 50.4%] 488032/969088 windows running_bpb=1.509342
  sliding_eval [ 50.5%] 489632/969088 windows running_bpb=1.509450
  sliding_eval [ 50.7%] 491232/969088 windows running_bpb=1.509351
  sliding_eval [ 50.9%] 492832/969088 windows running_bpb=1.509495
  sliding_eval [ 51.0%] 494432/969088 windows running_bpb=1.509642
  sliding_eval [ 51.2%] 496032/969088 windows running_bpb=1.509858
  sliding_eval [ 51.4%] 497632/969088 windows running_bpb=1.509874
  sliding_eval [ 51.5%] 499232/969088 windows running_bpb=1.509868
  sliding_eval [ 51.7%] 500832/969088 windows running_bpb=1.509871
  sliding_eval [ 51.8%] 502432/969088 windows running_bpb=1.509875
  sliding_eval [ 52.0%] 504032/969088 windows running_bpb=1.509933
  sliding_eval [ 52.2%] 505632/969088 windows running_bpb=1.509884
  sliding_eval [ 52.3%] 507232/969088 windows running_bpb=1.509736
  sliding_eval [ 52.5%] 508832/969088 windows running_bpb=1.509828
  sliding_eval [ 52.7%] 510432/969088 windows running_bpb=1.509865
  sliding_eval [ 52.8%] 512032/969088 windows running_bpb=1.509915
  sliding_eval [ 53.0%] 513632/969088 windows running_bpb=1.510014
  sliding_eval [ 53.2%] 515232/969088 windows running_bpb=1.510058
  sliding_eval [ 53.3%] 516832/969088 windows running_bpb=1.510191
  sliding_eval [ 53.5%] 518432/969088 windows running_bpb=1.510119
  sliding_eval [ 53.7%] 520032/969088 windows running_bpb=1.510138
  sliding_eval [ 53.8%] 521632/969088 windows running_bpb=1.510125
  sliding_eval [ 54.0%] 523232/969088 windows running_bpb=1.510348
  sliding_eval [ 54.2%] 524832/969088 windows running_bpb=1.510439
  sliding_eval [ 54.3%] 526432/969088 windows running_bpb=1.510477
  sliding_eval [ 54.5%] 528032/969088 windows running_bpb=1.510534
  sliding_eval [ 54.7%] 529632/969088 windows running_bpb=1.510558
  sliding_eval [ 54.8%] 531232/969088 windows running_bpb=1.510561
  sliding_eval [ 55.0%] 532832/969088 windows running_bpb=1.510726
  sliding_eval [ 55.1%] 534432/969088 windows running_bpb=1.510610
  sliding_eval [ 55.3%] 536032/969088 windows running_bpb=1.510550
  sliding_eval [ 55.5%] 537632/969088 windows running_bpb=1.510593
  sliding_eval [ 55.6%] 539232/969088 windows running_bpb=1.510720
  sliding_eval [ 55.8%] 540832/969088 windows running_bpb=1.510702
  sliding_eval [ 56.0%] 542432/969088 windows running_bpb=1.510592
  sliding_eval [ 56.1%] 544032/969088 windows running_bpb=1.510554
  sliding_eval [ 56.3%] 545632/969088 windows running_bpb=1.510769
  sliding_eval [ 56.5%] 547232/969088 windows running_bpb=1.510905
  sliding_eval [ 56.6%] 548832/969088 windows running_bpb=1.510827
  sliding_eval [ 56.8%] 550432/969088 windows running_bpb=1.510814
  sliding_eval [ 57.0%] 552032/969088 windows running_bpb=1.510879
  sliding_eval [ 57.1%] 553632/969088 windows running_bpb=1.510792
  sliding_eval [ 57.3%] 555232/969088 windows running_bpb=1.510971
  sliding_eval [ 57.5%] 556832/969088 windows running_bpb=1.511138
  sliding_eval [ 57.6%] 558432/969088 windows running_bpb=1.511098
  sliding_eval [ 57.8%] 560032/969088 windows running_bpb=1.511134
  sliding_eval [ 58.0%] 561632/969088 windows running_bpb=1.511249
  sliding_eval [ 58.1%] 563232/969088 windows running_bpb=1.511153
  sliding_eval [ 58.3%] 564832/969088 windows running_bpb=1.511116
  sliding_eval [ 58.5%] 566432/969088 windows running_bpb=1.511097
  sliding_eval [ 58.6%] 568032/969088 windows running_bpb=1.510938
  sliding_eval [ 58.8%] 569632/969088 windows running_bpb=1.510889
  sliding_eval [ 58.9%] 571232/969088 windows running_bpb=1.510857
  sliding_eval [ 59.1%] 572832/969088 windows running_bpb=1.510717
  sliding_eval [ 59.3%] 574432/969088 windows running_bpb=1.510514
  sliding_eval [ 59.4%] 576032/969088 windows running_bpb=1.510415
  sliding_eval [ 59.6%] 577632/969088 windows running_bpb=1.510449
  sliding_eval [ 59.8%] 579232/969088 windows running_bpb=1.510418
  sliding_eval [ 59.9%] 580832/969088 windows running_bpb=1.510153
  sliding_eval [ 60.1%] 582432/969088 windows running_bpb=1.510077
  sliding_eval [ 60.3%] 584032/969088 windows running_bpb=1.510055
  sliding_eval [ 60.4%] 585632/969088 windows running_bpb=1.510045
  sliding_eval [ 60.6%] 587232/969088 windows running_bpb=1.510069
  sliding_eval [ 60.8%] 588832/969088 windows running_bpb=1.510045
  sliding_eval [ 60.9%] 590432/969088 windows running_bpb=1.509962
  sliding_eval [ 61.1%] 592032/969088 windows running_bpb=1.509829
  sliding_eval [ 61.3%] 593632/969088 windows running_bpb=1.509836
  sliding_eval [ 61.4%] 595232/969088 windows running_bpb=1.509779
  sliding_eval [ 61.6%] 596832/969088 windows running_bpb=1.509797
  sliding_eval [ 61.8%] 598432/969088 windows running_bpb=1.509455
  sliding_eval [ 61.9%] 600032/969088 windows running_bpb=1.509386
  sliding_eval [ 62.1%] 601632/969088 windows running_bpb=1.509279
  sliding_eval [ 62.2%] 603232/969088 windows running_bpb=1.509153
  sliding_eval [ 62.4%] 604832/969088 windows running_bpb=1.509021
  sliding_eval [ 62.6%] 606432/969088 windows running_bpb=1.508963
  sliding_eval [ 62.7%] 608032/969088 windows running_bpb=1.509045
  sliding_eval [ 62.9%] 609632/969088 windows running_bpb=1.509050
  sliding_eval [ 63.1%] 611232/969088 windows running_bpb=1.509238
  sliding_eval [ 63.2%] 612832/969088 windows running_bpb=1.509237
  sliding_eval [ 63.4%] 614432/969088 windows running_bpb=1.509205
  sliding_eval [ 63.6%] 616032/969088 windows running_bpb=1.509172
  sliding_eval [ 63.7%] 617632/969088 windows running_bpb=1.509038
  sliding_eval [ 63.9%] 619232/969088 windows running_bpb=1.508782
  sliding_eval [ 64.1%] 620832/969088 windows running_bpb=1.509064
  sliding_eval [ 64.2%] 622432/969088 windows running_bpb=1.509213
  sliding_eval [ 64.4%] 624032/969088 windows running_bpb=1.509301
  sliding_eval [ 64.6%] 625632/969088 windows running_bpb=1.509143
  sliding_eval [ 64.7%] 627232/969088 windows running_bpb=1.509139
  sliding_eval [ 64.9%] 628832/969088 windows running_bpb=1.509062
  sliding_eval [ 65.1%] 630432/969088 windows running_bpb=1.508988
  sliding_eval [ 65.2%] 632032/969088 windows running_bpb=1.508773
  sliding_eval [ 65.4%] 633632/969088 windows running_bpb=1.508650
  sliding_eval [ 65.5%] 635232/969088 windows running_bpb=1.508593
  sliding_eval [ 65.7%] 636832/969088 windows running_bpb=1.508567
  sliding_eval [ 65.9%] 638432/969088 windows running_bpb=1.508462
  sliding_eval [ 66.0%] 640032/969088 windows running_bpb=1.508213
  sliding_eval [ 66.2%] 641632/969088 windows running_bpb=1.508079
  sliding_eval [ 66.4%] 643232/969088 windows running_bpb=1.507982
  sliding_eval [ 66.5%] 644832/969088 windows running_bpb=1.507952
  sliding_eval [ 66.7%] 646432/969088 windows running_bpb=1.507911
  sliding_eval [ 66.9%] 648032/969088 windows running_bpb=1.507887
  sliding_eval [ 67.0%] 649632/969088 windows running_bpb=1.507756
  sliding_eval [ 67.2%] 651232/969088 windows running_bpb=1.507548
  sliding_eval [ 67.4%] 652832/969088 windows running_bpb=1.507382
  sliding_eval [ 67.5%] 654432/969088 windows running_bpb=1.507213
  sliding_eval [ 67.7%] 656032/969088 windows running_bpb=1.507155
  sliding_eval [ 67.9%] 657632/969088 windows running_bpb=1.507034
  sliding_eval [ 68.0%] 659232/969088 windows running_bpb=1.506960
  sliding_eval [ 68.2%] 660832/969088 windows running_bpb=1.506836
  sliding_eval [ 68.4%] 662432/969088 windows running_bpb=1.506801
  sliding_eval [ 68.5%] 664032/969088 windows running_bpb=1.506862
  sliding_eval [ 68.7%] 665632/969088 windows running_bpb=1.506673
  sliding_eval [ 68.9%] 667232/969088 windows running_bpb=1.506584
  sliding_eval [ 69.0%] 668832/969088 windows running_bpb=1.506553
  sliding_eval [ 69.2%] 670432/969088 windows running_bpb=1.506383
  sliding_eval [ 69.3%] 672032/969088 windows running_bpb=1.506203
  sliding_eval [ 69.5%] 673632/969088 windows running_bpb=1.506158
  sliding_eval [ 69.7%] 675232/969088 windows running_bpb=1.505940
  sliding_eval [ 69.8%] 676832/969088 windows running_bpb=1.505797
  sliding_eval [ 70.0%] 678432/969088 windows running_bpb=1.505667
  sliding_eval [ 70.2%] 680032/969088 windows running_bpb=1.505571
  sliding_eval [ 70.3%] 681632/969088 windows running_bpb=1.505526
  sliding_eval [ 70.5%] 683232/969088 windows running_bpb=1.505441
  sliding_eval [ 70.7%] 684832/969088 windows running_bpb=1.505316
  sliding_eval [ 70.8%] 686432/969088 windows running_bpb=1.505330
  sliding_eval [ 71.0%] 688032/969088 windows running_bpb=1.505355
  sliding_eval [ 71.2%] 689632/969088 windows running_bpb=1.505275
  sliding_eval [ 71.3%] 691232/969088 windows running_bpb=1.505247
  sliding_eval [ 71.5%] 692832/969088 windows running_bpb=1.505245
  sliding_eval [ 71.7%] 694432/969088 windows running_bpb=1.505328
  sliding_eval [ 71.8%] 696032/969088 windows running_bpb=1.505425
  sliding_eval [ 72.0%] 697632/969088 windows running_bpb=1.505450
  sliding_eval [ 72.2%] 699232/969088 windows running_bpb=1.505665
  sliding_eval [ 72.3%] 700832/969088 windows running_bpb=1.505623
  sliding_eval [ 72.5%] 702432/969088 windows running_bpb=1.505757
  sliding_eval [ 72.6%] 704032/969088 windows running_bpb=1.505867
  sliding_eval [ 72.8%] 705632/969088 windows running_bpb=1.505972
  sliding_eval [ 73.0%] 707232/969088 windows running_bpb=1.506011
  sliding_eval [ 73.1%] 708832/969088 windows running_bpb=1.506117
  sliding_eval [ 73.3%] 710432/969088 windows running_bpb=1.506062
  sliding_eval [ 73.5%] 712032/969088 windows running_bpb=1.505840
  sliding_eval [ 73.6%] 713632/969088 windows running_bpb=1.505961
  sliding_eval [ 73.8%] 715232/969088 windows running_bpb=1.505792
  sliding_eval [ 74.0%] 716832/969088 windows running_bpb=1.505867
  sliding_eval [ 74.1%] 718432/969088 windows running_bpb=1.505886
  sliding_eval [ 74.3%] 720032/969088 windows running_bpb=1.505982
  sliding_eval [ 74.5%] 721632/969088 windows running_bpb=1.506125
  sliding_eval [ 74.6%] 723232/969088 windows running_bpb=1.506050
  sliding_eval [ 74.8%] 724832/969088 windows running_bpb=1.506091
  sliding_eval [ 75.0%] 726432/969088 windows running_bpb=1.506095
  sliding_eval [ 75.1%] 728032/969088 windows running_bpb=1.506176
  sliding_eval [ 75.3%] 729632/969088 windows running_bpb=1.506198
  sliding_eval [ 75.5%] 731232/969088 windows running_bpb=1.506196
  sliding_eval [ 75.6%] 732832/969088 windows running_bpb=1.506273
  sliding_eval [ 75.8%] 734432/969088 windows running_bpb=1.506380
  sliding_eval [ 76.0%] 736032/969088 windows running_bpb=1.506526
  sliding_eval [ 76.1%] 737632/969088 windows running_bpb=1.506723
  sliding_eval [ 76.3%] 739232/969088 windows running_bpb=1.506801
  sliding_eval [ 76.4%] 740832/969088 windows running_bpb=1.506755
  sliding_eval [ 76.6%] 742432/969088 windows running_bpb=1.506731
  sliding_eval [ 76.8%] 744032/969088 windows running_bpb=1.506720
  sliding_eval [ 76.9%] 745632/969088 windows running_bpb=1.506638
  sliding_eval [ 77.1%] 747232/969088 windows running_bpb=1.506690
  sliding_eval [ 77.3%] 748832/969088 windows running_bpb=1.506724
  sliding_eval [ 77.4%] 750432/969088 windows running_bpb=1.506774
  sliding_eval [ 77.6%] 752032/969088 windows running_bpb=1.507252
  sliding_eval [ 77.8%] 753632/969088 windows running_bpb=1.507358
  sliding_eval [ 77.9%] 755232/969088 windows running_bpb=1.507393
  sliding_eval [ 78.1%] 756832/969088 windows running_bpb=1.507322
  sliding_eval [ 78.3%] 758432/969088 windows running_bpb=1.507317
  sliding_eval [ 78.4%] 760032/969088 windows running_bpb=1.507678
  sliding_eval [ 78.6%] 761632/969088 windows running_bpb=1.507781
  sliding_eval [ 78.8%] 763232/969088 windows running_bpb=1.507806
  sliding_eval [ 78.9%] 764832/969088 windows running_bpb=1.507900
  sliding_eval [ 79.1%] 766432/969088 windows running_bpb=1.507867
  sliding_eval [ 79.3%] 768032/969088 windows running_bpb=1.507887
  sliding_eval [ 79.4%] 769632/969088 windows running_bpb=1.507945
  sliding_eval [ 79.6%] 771232/969088 windows running_bpb=1.508021
  sliding_eval [ 79.7%] 772832/969088 windows running_bpb=1.508014
  sliding_eval [ 79.9%] 774432/969088 windows running_bpb=1.508002
  sliding_eval [ 80.1%] 776032/969088 windows running_bpb=1.508035
  sliding_eval [ 80.2%] 777632/969088 windows running_bpb=1.508206
  sliding_eval [ 80.4%] 779232/969088 windows running_bpb=1.508221
  sliding_eval [ 80.6%] 780832/969088 windows running_bpb=1.508263
  sliding_eval [ 80.7%] 782432/969088 windows running_bpb=1.508510
  sliding_eval [ 80.9%] 784032/969088 windows running_bpb=1.508545
  sliding_eval [ 81.1%] 785632/969088 windows running_bpb=1.508431
  sliding_eval [ 81.2%] 787232/969088 windows running_bpb=1.508427
  sliding_eval [ 81.4%] 788832/969088 windows running_bpb=1.508546
  sliding_eval [ 81.6%] 790432/969088 windows running_bpb=1.508571
  sliding_eval [ 81.7%] 792032/969088 windows running_bpb=1.508713
  sliding_eval [ 81.9%] 793632/969088 windows running_bpb=1.508752
  sliding_eval [ 82.1%] 795232/969088 windows running_bpb=1.508785
  sliding_eval [ 82.2%] 796832/969088 windows running_bpb=1.508835
  sliding_eval [ 82.4%] 798432/969088 windows running_bpb=1.508849
  sliding_eval [ 82.6%] 800032/969088 windows running_bpb=1.508965
  sliding_eval [ 82.7%] 801632/969088 windows running_bpb=1.509005
  sliding_eval [ 82.9%] 803232/969088 windows running_bpb=1.508984
  sliding_eval [ 83.1%] 804832/969088 windows running_bpb=1.509063
  sliding_eval [ 83.2%] 806432/969088 windows running_bpb=1.509086
  sliding_eval [ 83.4%] 808032/969088 windows running_bpb=1.509203
  sliding_eval [ 83.5%] 809632/969088 windows running_bpb=1.509255
  sliding_eval [ 83.7%] 811232/969088 windows running_bpb=1.509355
  sliding_eval [ 83.9%] 812832/969088 windows running_bpb=1.509303
  sliding_eval [ 84.0%] 814432/969088 windows running_bpb=1.509220
  sliding_eval [ 84.2%] 816032/969088 windows running_bpb=1.509236
  sliding_eval [ 84.4%] 817632/969088 windows running_bpb=1.509294
  sliding_eval [ 84.5%] 819232/969088 windows running_bpb=1.509240
  sliding_eval [ 84.7%] 820832/969088 windows running_bpb=1.509181
  sliding_eval [ 84.9%] 822432/969088 windows running_bpb=1.509230
  sliding_eval [ 85.0%] 824032/969088 windows running_bpb=1.509285
  sliding_eval [ 85.2%] 825632/969088 windows running_bpb=1.509337
  sliding_eval [ 85.4%] 827232/969088 windows running_bpb=1.509342
  sliding_eval [ 85.5%] 828832/969088 windows running_bpb=1.509277
  sliding_eval [ 85.7%] 830432/969088 windows running_bpb=1.509157
  sliding_eval [ 85.9%] 832032/969088 windows running_bpb=1.509194
  sliding_eval [ 86.0%] 833632/969088 windows running_bpb=1.509221
  sliding_eval [ 86.2%] 835232/969088 windows running_bpb=1.509134
  sliding_eval [ 86.4%] 836832/969088 windows running_bpb=1.509069
  sliding_eval [ 86.5%] 838432/969088 windows running_bpb=1.509136
  sliding_eval [ 86.7%] 840032/969088 windows running_bpb=1.509124
  sliding_eval [ 86.8%] 841632/969088 windows running_bpb=1.509201
  sliding_eval [ 87.0%] 843232/969088 windows running_bpb=1.509226
  sliding_eval [ 87.2%] 844832/969088 windows running_bpb=1.509091
  sliding_eval [ 87.3%] 846432/969088 windows running_bpb=1.509220
  sliding_eval [ 87.5%] 848032/969088 windows running_bpb=1.509254
  sliding_eval [ 87.7%] 849632/969088 windows running_bpb=1.509238
  sliding_eval [ 87.8%] 851232/969088 windows running_bpb=1.509204
  sliding_eval [ 88.0%] 852832/969088 windows running_bpb=1.509245
  sliding_eval [ 88.2%] 854432/969088 windows running_bpb=1.509345
  sliding_eval [ 88.3%] 856032/969088 windows running_bpb=1.509330
  sliding_eval [ 88.5%] 857632/969088 windows running_bpb=1.509349
  sliding_eval [ 88.7%] 859232/969088 windows running_bpb=1.509296
  sliding_eval [ 88.8%] 860832/969088 windows running_bpb=1.509458
  sliding_eval [ 89.0%] 862432/969088 windows running_bpb=1.509446
  sliding_eval [ 89.2%] 864032/969088 windows running_bpb=1.509426
  sliding_eval [ 89.3%] 865632/969088 windows running_bpb=1.509516
  sliding_eval [ 89.5%] 867232/969088 windows running_bpb=1.509486
  sliding_eval [ 89.7%] 868832/969088 windows running_bpb=1.509411
  sliding_eval [ 89.8%] 870432/969088 windows running_bpb=1.509551
  sliding_eval [ 90.0%] 872032/969088 windows running_bpb=1.509535
  sliding_eval [ 90.1%] 873632/969088 windows running_bpb=1.509531
  sliding_eval [ 90.3%] 875232/969088 windows running_bpb=1.509537
  sliding_eval [ 90.5%] 876832/969088 windows running_bpb=1.509366
  sliding_eval [ 90.6%] 878432/969088 windows running_bpb=1.509331
  sliding_eval [ 90.8%] 880032/969088 windows running_bpb=1.509296
  sliding_eval [ 91.0%] 881632/969088 windows running_bpb=1.509292
  sliding_eval [ 91.1%] 883232/969088 windows running_bpb=1.509268
  sliding_eval [ 91.3%] 884832/969088 windows running_bpb=1.509303
  sliding_eval [ 91.5%] 886432/969088 windows running_bpb=1.509306
  sliding_eval [ 91.6%] 888032/969088 windows running_bpb=1.509225
  sliding_eval [ 91.8%] 889632/969088 windows running_bpb=1.509137
  sliding_eval [ 92.0%] 891232/969088 windows running_bpb=1.509023
  sliding_eval [ 92.1%] 892832/969088 windows running_bpb=1.508951
  sliding_eval [ 92.3%] 894432/969088 windows running_bpb=1.508877
  sliding_eval [ 92.5%] 896032/969088 windows running_bpb=1.508771
  sliding_eval [ 92.6%] 897632/969088 windows running_bpb=1.508807
  sliding_eval [ 92.8%] 899232/969088 windows running_bpb=1.508828
  sliding_eval [ 93.0%] 900832/969088 windows running_bpb=1.508761
  sliding_eval [ 93.1%] 902432/969088 windows running_bpb=1.508726
  sliding_eval [ 93.3%] 904032/969088 windows running_bpb=1.508715
  sliding_eval [ 93.5%] 905632/969088 windows running_bpb=1.508664
  sliding_eval [ 93.6%] 907232/969088 windows running_bpb=1.508687
  sliding_eval [ 93.8%] 908832/969088 windows running_bpb=1.508601
  sliding_eval [ 93.9%] 910432/969088 windows running_bpb=1.508564
  sliding_eval [ 94.1%] 912032/969088 windows running_bpb=1.508541
  sliding_eval [ 94.3%] 913632/969088 windows running_bpb=1.508333
  sliding_eval [ 94.4%] 915232/969088 windows running_bpb=1.508186
  sliding_eval [ 94.6%] 916832/969088 windows running_bpb=1.508159
  sliding_eval [ 94.8%] 918432/969088 windows running_bpb=1.508112
  sliding_eval [ 94.9%] 920032/969088 windows running_bpb=1.508095
  sliding_eval [ 95.1%] 921632/969088 windows running_bpb=1.508079
  sliding_eval [ 95.3%] 923232/969088 windows running_bpb=1.508043
  sliding_eval [ 95.4%] 924832/969088 windows running_bpb=1.508000
  sliding_eval [ 95.6%] 926432/969088 windows running_bpb=1.507965
  sliding_eval [ 95.8%] 928032/969088 windows running_bpb=1.507973
  sliding_eval [ 95.9%] 929632/969088 windows running_bpb=1.508032
  sliding_eval [ 96.1%] 931232/969088 windows running_bpb=1.507981
  sliding_eval [ 96.3%] 932832/969088 windows running_bpb=1.507863
  sliding_eval [ 96.4%] 934432/969088 windows running_bpb=1.507794
  sliding_eval [ 96.6%] 936032/969088 windows running_bpb=1.507732
  sliding_eval [ 96.8%] 937632/969088 windows running_bpb=1.507667
  sliding_eval [ 96.9%] 939232/969088 windows running_bpb=1.507927
  sliding_eval [ 97.1%] 940832/969088 windows running_bpb=1.507813
  sliding_eval [ 97.2%] 942432/969088 windows running_bpb=1.507728
  sliding_eval [ 97.4%] 944032/969088 windows running_bpb=1.507615
  sliding_eval [ 97.6%] 945632/969088 windows running_bpb=1.507545
  sliding_eval [ 97.7%] 947232/969088 windows running_bpb=1.507532
  sliding_eval [ 97.9%] 948832/969088 windows running_bpb=1.507477
  sliding_eval [ 98.1%] 950432/969088 windows running_bpb=1.507424
  sliding_eval [ 98.2%] 952032/969088 windows running_bpb=1.507356
  sliding_eval [ 98.4%] 953632/969088 windows running_bpb=1.507352
  sliding_eval [ 98.6%] 955232/969088 windows running_bpb=1.507334
  sliding_eval [ 98.7%] 956832/969088 windows running_bpb=1.507336
  sliding_eval [ 98.9%] 958432/969088 windows running_bpb=1.507306
  sliding_eval [ 99.1%] 960032/969088 windows running_bpb=1.507224
  sliding_eval [ 99.2%] 961632/969088 windows running_bpb=1.507100
  sliding_eval [ 99.4%] 963232/969088 windows running_bpb=1.507035
  sliding_eval [ 99.6%] 964832/969088 windows running_bpb=1.507001
  sliding_eval [ 99.7%] 966432/969088 windows running_bpb=1.506928
  sliding_eval [ 99.9%] 968032/969088 windows running_bpb=1.507005
final_int8_zlib_roundtrip val_loss:2.5446 val_bpb:1.5070 eval_time:1233317ms
final_int8_zlib_roundtrip_exact val_loss:2.54457981 val_bpb:1.50704748
